// Jest Snapshot v1, https://goo.gl/fbAQLP

exports[`react-router-pagination/pagination/component <Pagination /> With \`pageNumber\` and \`totalPages\` renders 1`] = `
<ul
  className="pagination"
>
  <li
    className="forward-page"
  >
    <a
      href="/1"
      onClick={[Function]}
    >
      <span
        className="forward"
      >
        â€º
      </span>
    </a>
  </li>
  <li
    className="last-page"
  >
    <a
      href="/2"
      onClick={[Function]}
    >
      <span
        className="page-number"
      >
        2
      </span>
    </a>
  </li>
</ul>
`;
